Microchip MPLAB XC8 Compiler V2.20

Linker command line:

-W-3 --edf=E:\MPLAB\xc8\pic\dat\en_msgs.txt -cn \
  -h+dist/default/production\LAB_5.X.production.sym \
  --cmf=dist/default/production\LAB_5.X.production.cmf -z -Q18F4550 \
  -oC:\Users\lucas\AppData\Local\Temp\sif4.2 --defsym=__MPLAB_BUILD=1 \
  -Mdist/default/production/LAB_5.X.production.map -E1 -ver=XC8 Compiler \
  --acfsm=1493 -ASTACK=02F0h-07FFh -pstack=STACK -ACODE=00h-07FFFh \
  -ACONST=00h-07FFFh -ASMALLCONST=0800h-08FFhx120 \
  -AMEDIUMCONST=0800h-07FFFh -ACOMRAM=01h-05Fh -AABS1=00h-07FFh \
  -ABIGRAM=01h-07FFh -ARAM=060h-0FFh,0100h-01FFhx7 -ABANK0=060h-0FFh \
  -ABANK1=0100h-01FFh -ABANK2=0200h-02FFh -ABANK3=0300h-03FFh \
  -ABANK4=0400h-04FFh -ABANK5=0500h-05FFh -ABANK6=0600h-06FFh \
  -ABANK7=0700h-07FFh -ASFR=0F60h-0FFFh -ACONFIG=0300000h-030000Dh \
  -AIDLOC=0200000h-0200007h \
  -preset_vec=00h,intcode=08h,intcodelo=018h,powerup,init -pramtop=0800h \
  -psmallconst=SMALLCONST -pmediumconst=MEDIUMCONST -pconst=CONST \
  -AFARRAM=00h-00h -AEEDATA=0F00000h-0F000FFh -peeprom_data=EEDATA \
  -prdata=COMRAM,nvrram=COMRAM,nvbit=COMRAM,rbss=COMRAM,rbit=COMRAM \
  -pfarbss=FARRAM,fardata=FARRAM,nvFARRAM=FARRAM \
  -pintsave_regs=BIGRAM,bigbss=BIGRAM,bigdata=BIGRAM -pbss=RAM \
  -pidata=CODE,irdata=CODE,ibigdata=CODE,ifardata=CODE -prparam=COMRAM \
  C:\Users\lucas\AppData\Local\Temp\sif4.o \
  dist/default/production\LAB_5.X.production.o 

Object code version is 3.11

Machine type is 18F4550



                Name                               Link     Load   Length Selector   Space Scale
C:\Users\lucas\AppData\Local\Temp\sif4.o
                idloc                            200000   200000        8        0       5
                config                           300000   300000        E        0       4
                init                                 C6       C6        4        C       0
                reset_vec                             0        0        4        0       0
dist/default/production\LAB_5.X.production.o
                intcodelo                            18       18       AE        C       0
                intcode                               8        8        6        4       0
                idloc                            200000   200000        8        0       5
                config                           300000   300000        E        0       4
                temp                                 56       56        1        1       1
                smallconst                          800      800       78      400       0
                intcode_body                       474C     474C        A      43C       0
                text46                             4720     4720       12      43C       0
                text45                             4696     4696       2C      43C       0
                text44                             4742     4742        A      43C       0
                text43                             4432     4432       46      43C       0
                text42                             4732     4732       10      43C       0
                text41                             470E     470E       12      43C       0
                text40                             44FC     44FC       40      43C       0
                text39                             457A     457A       3E      43C       0
                text38                             3BEC     3BEC       EE      43C       0
                text37                             32B4     32B4      1B4      43C       0
                text36                             453C     453C       3E      43C       0
                text35                             415A     415A       72      43C       0
                text34                             46E8     46E8       26      43C       0
                text33                             4628     4628       38      43C       0
                text32                             439A     439A       52      43C       0
                text31                             3468     3468      190      43C       0
                text30                             35F8     35F8      188      43C       0
                text29                             3780     3780      164      43C       0
                text28                             44BC     44BC       40      43C       0
                text27                             475A     475A        2      43C       0
                text26                             3DB0     3DB0       CA      43C       0
                text25                             4478     4478       44      43C       0
                text24                             4660     4660       36      43C       0
                text23                             3F3E     3F3E       C2      43C       0
                text22                             2DC0     2DC0      2DE      43C       0
                text21                             3E7A     3E7A       C4      43C       0
                text20                             4000     4000       B0      43C       0
                text19                             2A24     2A24      39C      43C       0
                text18                             40B0     40B0       AA      43C       0
                text17                             39EA     39EA      104      43C       0
                text16                             25FA     25FA      42A      43C       0
                text15                             45F0     45F0       38      43C       0
                text14                             213A     213A      4C0      43C       0
                text13                             43EC     43EC       46      43C       0
                text12                             38E4     38E4      106      43C       0
                text11                             3AEE     3AEE       FE      43C       0
                text10                             309E     309E      216      43C       0
                text9                              42EC     42EC       5C      43C       0
                text8                              45B8     45B8       38      43C       0
                text7                              422E     422E       60      43C       0
                text6                               878      878      BB2      43C       0
                text5                              3CDA     3CDA       D6      43C       0
                text4                              1C06     1C06      534      43C       0
                text3                              41CC     41CC       62      43C       0
                text2                              4348     4348       52      43C       0
                text1                              46C2     46C2       26      43C       0
                text0                              142A     142A      7DC      43C       0
                cstackCOMRAM                          1        1       4D        1       1
                cstackBANK0                          60       60       94       60       1
                cstackBANK1                         100      100       6E      100       1
                bssBANK2                            200      200       F0      200       1
                dataBANK1                           1C2      1C2        4      100       1
                bssBANK1                            16E      16E       54      100       1
                bssBANK0                             F4       F4        C       60       1
                bssCOMRAM                            4E       4E        8        1       1
                cinit                              428E     428E       5E      43C       0
                idataBANK1                         4756     4756        4      43C       0

TOTAL           Name                               Link     Load   Length     Space
        CLASS   STACK          

        CLASS   CODE           
                intcodelo                            18       18       AE         0
                intcode                               8        8        6         0
                init                                 C6       C6        4         0
                reset_vec                             0        0        4         0
                intcode_body                       474C     474C        A         0
                text46                             4720     4720       12         0
                text45                             4696     4696       2C         0
                text44                             4742     4742        A         0
                text43                             4432     4432       46         0
                text42                             4732     4732       10         0
                text41                             470E     470E       12         0
                text40                             44FC     44FC       40         0
                text39                             457A     457A       3E         0
                text38                             3BEC     3BEC       EE         0
                text37                             32B4     32B4      1B4         0
                text36                             453C     453C       3E         0
                text35                             415A     415A       72         0
                text34                             46E8     46E8       26         0
                text33                             4628     4628       38         0
                text32                             439A     439A       52         0
                text31                             3468     3468      190         0
                text30                             35F8     35F8      188         0
                text29                             3780     3780      164         0
                text28                             44BC     44BC       40         0
                text27                             475A     475A        2         0
                text26                             3DB0     3DB0       CA         0
                text25                             4478     4478       44         0
                text24                             4660     4660       36         0
                text23                             3F3E     3F3E       C2         0
                text22                             2DC0     2DC0      2DE         0
                text21                             3E7A     3E7A       C4         0
                text20                             4000     4000       B0         0
                text19                             2A24     2A24      39C         0
                text18                             40B0     40B0       AA         0
                text17                             39EA     39EA      104         0
                text16                             25FA     25FA      42A         0
                text15                             45F0     45F0       38         0
                text14                             213A     213A      4C0         0
                text13                             43EC     43EC       46         0
                text12                             38E4     38E4      106         0
                text11                             3AEE     3AEE       FE         0
                text10                             309E     309E      216         0
                text9                              42EC     42EC       5C         0
                text8                              45B8     45B8       38         0
                text7                              422E     422E       60         0
                text6                               878      878      BB2         0
                text5                              3CDA     3CDA       D6         0
                text4                              1C06     1C06      534         0
                text3                              41CC     41CC       62         0
                text2                              4348     4348       52         0
                text1                              46C2     46C2       26         0
                text0                              142A     142A      7DC         0
                cinit                              428E     428E       5E         0
                idataBANK1                         4756     4756        4         0

        CLASS   CONST          

        CLASS   SMALLCONST     
                smallconst                          800      800       78         0

        CLASS   MEDIUMCONST    

        CLASS   COMRAM         
                temp                                 56       56        1         1
                cstackCOMRAM                          1        1       4D         1
                bssCOMRAM                            4E       4E        8         1

        CLASS   ABS1           

        CLASS   BIGRAM         

        CLASS   RAM            

        CLASS   BANK0          
                cstackBANK0                          60       60       94         1
                bssBANK0                             F4       F4        C         1

        CLASS   BANK1          
                cstackBANK1                         100      100       6E         1
                dataBANK1                           1C2      1C2        4         1
                bssBANK1                            16E      16E       54         1

        CLASS   BANK2          
                bssBANK2                            200      200       F0         1

        CLASS   BANK3          

        CLASS   BANK4          

        CLASS   BANK5          

        CLASS   BANK6          

        CLASS   BANK7          

        CLASS   SFR            

        CLASS   CONFIG         
                config                           300000   300000        E         4

        CLASS   IDLOC          
                idloc                            200000   200000        8         5

        CLASS   FARRAM         

        CLASS   EEDATA         



SEGMENTS        Name                           Load    Length   Top    Selector   Space  Class

                reset_vec                      000000  000004  000004         0       0  CODE    
                cstackCOMRAM                   000001  000056  000057         1       1  COMRAM  
                intcode                        000008  000006  00000E         4       0  CODE    
                intcodelo                      000018  0000B2  0000CA         C       0  CODE    
                cstackBANK0                    000060  0000A0  000100        60       1  BANK0   
                cstackBANK1                    000100  0000C6  0001C6       100       1  BANK1   
                bssBANK2                       000200  0000F0  0002F0       200       1  BANK2   
                smallconst                     000800  000078  000878       400       0  SMALLCON
                text6                          000878  003EE4  00475C       43C       0  CODE    


UNUSED ADDRESS RANGES

        Name                Unused          Largest block    Delta
        BANK1            0001C6-0001FF               3A
        BANK2            0002F0-0002FF               10
        BANK3            000300-0003FF              100
        BANK4            000400-0004FF              100
        BANK5            000500-0005FF              100
        BANK6            000600-0006FF              100
        BANK7            000700-0007FF              100
        BIGRAM           000057-00005F                9
                         0001C6-0001FF               3A
                         0002F0-0007FF              510
        CODE             000004-000007                4
                         00000E-000017                A
                         0000CA-0007FF              736
                         00475C-007FFF             38A4
        COMRAM           000057-00005F                9
        CONST            000004-000007                4
                         00000E-000017                A
                         0000CA-0007FF              736
                         00475C-007FFF             38A4
        EEDATA           F00000-F000FF              100
        MEDIUMCONST      00475C-007FFF             38A4
        RAM              0001C6-0001FF               3A
                         0002F0-0007FF              100
        SFR              000F60-000FFF               A0
        SMALLCONST       00475C-007FFF              100
        STACK            0002F0-0007FF              510

                                  Symbol Table

?_LerADC                      cstackCOMRAM 00000A
?___aodiv                     cstackCOMRAM 00000A
?___aomod                     cstackCOMRAM 00000A
?___awdiv                     cstackCOMRAM 00000A
?___awmod                     cstackCOMRAM 00000A
?___fladd                     cstackCOMRAM 00000A
?___fldiv                     cstackCOMRAM 000039
?___flmul                     cstackCOMRAM 000018
?___flneg                     cstackCOMRAM 00000A
?___flsub                     cstackCOMRAM 000031
?___fltol                     cstackCOMRAM 00000A
?___fpclassifyf               cstackCOMRAM 00000A
?___wmul                      cstackCOMRAM 00000A
?___xxtofl                    cstackCOMRAM 00000A
?_abs                         cstackCOMRAM 00001C
?_atoi                        cstackCOMRAM 000011
?_dtoa                        cstackCOMRAM 000025
?_efgtoa                      cstackBANK0  00007D
?_floorf                      cstackCOMRAM 000045
?_isdigit                     cstackCOMRAM 00000A
?_isspace                     cstackCOMRAM 00000A
?_isupper                     cstackCOMRAM 00000A
?_pad                         cstackCOMRAM 00001A
?_sprintf                     cstackBANK0  0000E2
?_strlen                      cstackCOMRAM 00000A
?_strncmp                     cstackCOMRAM 00000A
?_tolower                     cstackCOMRAM 000010
?_vfpfcnvrt                   cstackBANK0  0000BC
?_vfprintf                    cstackBANK0  0000DA
LerADC@temp                   cstackCOMRAM 00000E
OpenXLCD@lcdtype              cstackCOMRAM 00000B
SetDDRamAddr@DDaddr           cstackCOMRAM 00000A
WriteCmdXLCD@cmd              cstackCOMRAM 00000A
WriteDataXLCD@data            cstackCOMRAM 00000A
_ADCON0                       (abs)        000FC2
_ADCON0bits                   (abs)        000FC2
_ADCON1                       (abs)        000FC1
_ADCON2                       (abs)        000FC0
_ADRESH                       (abs)        000FC4
_ADRESL                       (abs)        000FC3
_BusyXLCD                     text43       004432
_DelayFor18TCY                text44       004742
_DelayPORXLCD                 text42       004732
_DelayXLCD                    text41       00470E
_GO_nDONE                     (abs)        007E11
_HighPriorityISR              intcode      000008
_INTCON2bits                  (abs)        000FF1
_INTCON3bits                  (abs)        000FF0
_INTCONbits                   (abs)        000FF2
_Inicializa_ADC               text46       004720
_LATBbits                     (abs)        000F8A
_LATEbits                     (abs)        000F8D
_LerADC                       text45       004696
_LowPriorityISR               intcodelo    000018
_OpenXLCD                     text38       003BEC
_PORTBbits                    (abs)        000F81
_PORTD                        (abs)        000F83
_RCONbits                     (abs)        000FD0
_SetDDRamAddr                 text40       0044FC
_T0CON                        (abs)        000FD5
_T0CONbits                    (abs)        000FD5
_TMR0H                        (abs)        000FD7
_TMR0L                        (abs)        000FD6
_TRISAbits                    (abs)        000F92
_TRISBbits                    (abs)        000F93
_TRISD                        (abs)        000F95
_TRISEbits                    (abs)        000F96
_WriteCmdXLCD                 text39       00457A
_WriteDataXLCD                text36       00453C
__HRAM                        (abs)        000000
__Habs1                       abs1         000000
__Hbank0                      bank0        000000
__Hbank1                      bank1        000000
__Hbank2                      bank2        000000
__Hbank3                      bank3        000000
__Hbank4                      bank4        000000
__Hbank5                      bank5        000000
__Hbank6                      bank6        000000
__Hbank7                      bank7        000000
__Hbigbss                     bigbss       000000
__Hbigdata                    bigdata      000000
__Hbigram                     bigram       000000
__Hbss                        bss          000000
__HbssBANK0                   bssBANK0     000000
__HbssBANK1                   bssBANK1     000000
__HbssBANK2                   bssBANK2     000000
__HbssCOMRAM                  bssCOMRAM    000000
__Hcinit                      cinit        000000
__Hclrtext                    clrtext      000000
__Hcomram                     comram       000000
__Hconfig                     config       30000E
__Hconst                      const        000000
__HcstackBANK0                cstackBANK0  000000
__HcstackBANK1                cstackBANK1  000000
__HcstackCOMRAM               cstackCOMRAM 000000
__Hdata                       data         000000
__HdataBANK1                  dataBANK1    000000
__Heeprom_data                eeprom_data  000000
__Hfarbss                     farbss       000000
__Hfardata                    fardata      000000
__Hibigdata                   ibigdata     000000
__Hidata                      idata        000000
__HidataBANK1                 idataBANK1   000000
__Hidloc                      idloc        200008
__Hifardata                   ifardata     000000
__Hinit                       init         0000CA
__Hintcode                    intcode      00000E
__Hintcode_body               intcode_body 000000
__Hintcodelo                  intcodelo    0000C6
__Hintentry                   intentry     000000
__Hintret                     intret       000000
__Hintsave_regs               intsave_regs 000000
__Hirdata                     irdata       000000
__Hmediumconst                mediumconst  000000
__HnvFARRAM                   nvFARRAM     000000
__Hnvbit                      nvbit        000000
__Hnvrram                     nvrram       000000
__Hparam                      rparam       000000
__Hpowerup                    powerup      0000C6
__Hram                        ram          000000
__Hramtop                     ramtop       000800
__Hrbit                       rbit         000000
__Hrbss                       rbss         000000
__Hrdata                      rdata        000000
__Hreset_vec                  reset_vec    000004
__Hrparam                     rparam       000000
__Hsfr                        sfr          000000
__Hsmallconst                 smallconst   000878
__Hspace_0                    (abs)        00475C
__Hspace_1                    (abs)        0002F0
__Hspace_2                    (abs)        000000
__Hspace_4                    (abs)        60000E
__Hstack                      stack        000000
__Hstruct                     struct       000000
__Htemp                       temp         000057
__Htext                       text         000000
__Htext0                      text0        000000
__Htext1                      text1        000000
__Htext10                     text10       000000
__Htext11                     text11       000000
__Htext12                     text12       000000
__Htext13                     text13       000000
__Htext14                     text14       000000
__Htext15                     text15       000000
__Htext16                     text16       000000
__Htext17                     text17       000000
__Htext18                     text18       000000
__Htext19                     text19       000000
__Htext2                      text2        000000
__Htext20                     text20       000000
__Htext21                     text21       000000
__Htext22                     text22       000000
__Htext23                     text23       000000
__Htext24                     text24       000000
__Htext25                     text25       000000
__Htext26                     text26       000000
__Htext27                     text27       000000
__Htext28                     text28       000000
__Htext29                     text29       000000
__Htext3                      text3        000000
__Htext30                     text30       000000
__Htext31                     text31       000000
__Htext32                     text32       000000
__Htext33                     text33       000000
__Htext34                     text34       000000
__Htext35                     text35       000000
__Htext36                     text36       000000
__Htext37                     text37       000000
__Htext38                     text38       000000
__Htext39                     text39       000000
__Htext4                      text4        000000
__Htext40                     text40       000000
__Htext41                     text41       000000
__Htext42                     text42       000000
__Htext43                     text43       000000
__Htext44                     text44       000000
__Htext45                     text45       000000
__Htext46                     text46       000000
__Htext5                      text5        000000
__Htext6                      text6        000000
__Htext7                      text7        000000
__Htext8                      text8        000000
__Htext9                      text9        000000
__LRAM                        (abs)        000001
__Labs1                       abs1         000000
__Lbank0                      bank0        000000
__Lbank1                      bank1        000000
__Lbank2                      bank2        000000
__Lbank3                      bank3        000000
__Lbank4                      bank4        000000
__Lbank5                      bank5        000000
__Lbank6                      bank6        000000
__Lbank7                      bank7        000000
__Lbigbss                     bigbss       000000
__Lbigdata                    bigdata      000000
__Lbigram                     bigram       000000
__Lbss                        bss          000000
__LbssBANK0                   bssBANK0     000000
__LbssBANK1                   bssBANK1     000000
__LbssBANK2                   bssBANK2     000000
__LbssCOMRAM                  bssCOMRAM    000000
__Lcinit                      cinit        000000
__Lclrtext                    clrtext      000000
__Lcomram                     comram       000000
__Lconfig                     config       000000
__Lconst                      const        000000
__LcstackBANK0                cstackBANK0  000000
__LcstackBANK1                cstackBANK1  000000
__LcstackCOMRAM               cstackCOMRAM 000000
__Ldata                       data         000000
__LdataBANK1                  dataBANK1    000000
__Leeprom_data                eeprom_data  000000
__Lfarbss                     farbss       000000
__Lfardata                    fardata      000000
__Libigdata                   ibigdata     000000
__Lidata                      idata        000000
__LidataBANK1                 idataBANK1   000000
__Lidloc                      idloc        000000
__Lifardata                   ifardata     000000
__Linit                       init         0000C6
__Lintcode                    intcode      000008
__Lintcode_body               intcode_body 000000
__Lintcodelo                  intcodelo    000018
__Lintentry                   intentry     000000
__Lintret                     intret       000000
__Lintsave_regs               intsave_regs 000000
__Lirdata                     irdata       000000
__Lmediumconst                mediumconst  000000
__LnvFARRAM                   nvFARRAM     000000
__Lnvbit                      nvbit        000000
__Lnvrram                     nvrram       000000
__Lparam                      rparam       000000
__Lpowerup                    powerup      0000C6
__Lram                        ram          000000
__Lramtop                     ramtop       000800
__Lrbit                       rbit         000000
__Lrbss                       rbss         000000
__Lrdata                      rdata        000000
__Lreset_vec                  reset_vec    000000
__Lrparam                     rparam       000000
__Lsfr                        sfr          000000
__Lsmallconst                 smallconst   000800
__Lspace_0                    (abs)        000000
__Lspace_1                    (abs)        000000
__Lspace_2                    (abs)        000000
__Lspace_4                    (abs)        000000
__Lstack                      stack        000000
__Lstruct                     struct       000000
__Ltemp                       temp         000056
__Ltext                       text         000000
__Ltext0                      text0        000000
__Ltext1                      text1        000000
__Ltext10                     text10       000000
__Ltext11                     text11       000000
__Ltext12                     text12       000000
__Ltext13                     text13       000000
__Ltext14                     text14       000000
__Ltext15                     text15       000000
__Ltext16                     text16       000000
__Ltext17                     text17       000000
__Ltext18                     text18       000000
__Ltext19                     text19       000000
__Ltext2                      text2        000000
__Ltext20                     text20       000000
__Ltext21                     text21       000000
__Ltext22                     text22       000000
__Ltext23                     text23       000000
__Ltext24                     text24       000000
__Ltext25                     text25       000000
__Ltext26                     text26       000000
__Ltext27                     text27       000000
__Ltext28                     text28       000000
__Ltext29                     text29       000000
__Ltext3                      text3        000000
__Ltext30                     text30       000000
__Ltext31                     text31       000000
__Ltext32                     text32       000000
__Ltext33                     text33       000000
__Ltext34                     text34       000000
__Ltext35                     text35       000000
__Ltext36                     text36       000000
__Ltext37                     text37       000000
__Ltext38                     text38       000000
__Ltext39                     text39       000000
__Ltext4                      text4        000000
__Ltext40                     text40       000000
__Ltext41                     text41       000000
__Ltext42                     text42       000000
__Ltext43                     text43       000000
__Ltext44                     text44       000000
__Ltext45                     text45       000000
__Ltext46                     text46       000000
__Ltext5                      text5        000000
__Ltext6                      text6        000000
__Ltext7                      text7        000000
__Ltext8                      text8        000000
__Ltext9                      text9        000000
__S0                          (abs)        00475C
__S1                          (abs)        0002F0
__S2                          (abs)        000000
__S4                          (abs)        000000
__S5                          (abs)        000000
___aodiv                      text30       0035F8
___aodiv@counter              cstackCOMRAM 00001A
___aodiv@dividend             cstackCOMRAM 00000A
___aodiv@divisor              cstackCOMRAM 000012
___aodiv@quotient             cstackCOMRAM 00001C
___aodiv@sign                 cstackCOMRAM 00001B
___aomod                      text29       003780
___aomod@counter              cstackCOMRAM 00001A
___aomod@dividend             cstackCOMRAM 00000A
___aomod@divisor              cstackCOMRAM 000012
___aomod@sign                 cstackCOMRAM 00001B
___awdiv                      text21       003E7A
___awdiv@counter              cstackCOMRAM 00000E
___awdiv@dividend             cstackCOMRAM 00000A
___awdiv@divisor              cstackCOMRAM 00000C
___awdiv@quotient             cstackCOMRAM 000010
___awdiv@sign                 cstackCOMRAM 00000F
___awmod                      text20       004000
___awmod@counter              cstackCOMRAM 00000E
___awmod@dividend             cstackCOMRAM 00000A
___awmod@divisor              cstackCOMRAM 00000C
___awmod@sign                 cstackCOMRAM 00000F
___fladd                      text14       00213A
___fladd@a                    cstackCOMRAM 00000E
___fladd@aexp                 cstackCOMRAM 000017
___fladd@b                    cstackCOMRAM 00000A
___fladd@bexp                 cstackCOMRAM 000018
___fladd@grs                  cstackCOMRAM 000019
___fladd@signs                cstackCOMRAM 000016
___fldiv                      text19       002A24
___fldiv@a                    cstackCOMRAM 00003D
___fldiv@aexp                 cstackBANK0  00006C
___fldiv@b                    cstackCOMRAM 000039
___fldiv@bexp                 cstackBANK0  00006B
___fldiv@grs                  cstackBANK0  000067
___fldiv@new_exp              cstackBANK0  000065
___fldiv@rem                  cstackBANK0  000060
___fldiv@sign                 cstackBANK0  000064
___fleq                       text18       0040B0
___fleq@ff1                   cstackCOMRAM 00000A
___fleq@ff2                   cstackCOMRAM 00000E
___flge                       text17       0039EA
___flge@ff1                   cstackCOMRAM 000031
___flge@ff2                   cstackCOMRAM 000035
___flmul                      text16       0025FA
___flmul@a                    cstackCOMRAM 00001C
___flmul@aexp                 cstackCOMRAM 000029
___flmul@b                    cstackCOMRAM 000018
___flmul@bexp                 cstackCOMRAM 00002A
___flmul@grs                  cstackCOMRAM 000025
___flmul@prod                 cstackCOMRAM 00002B
___flmul@sign                 cstackCOMRAM 000024
___flmul@temp                 cstackCOMRAM 00002F
___flneg                      text15       0045F0
___flneg@f1                   cstackCOMRAM 00000A
___flsub                      text13       0043EC
___flsub@a                    cstackCOMRAM 000035
___flsub@b                    cstackCOMRAM 000031
___fltol                      text12       0038E4
___fltol@exp1                 cstackCOMRAM 000013
___fltol@f1                   cstackCOMRAM 00000A
___fltol@sign1                cstackCOMRAM 000012
___fpclassifyf                text11       003AEE
___fpclassifyf@F463           bssBANK0     0000F8
___fpclassifyf@e              cstackCOMRAM 000012
___fpclassifyf@u              cstackCOMRAM 000014
___fpclassifyf@x              cstackCOMRAM 00000A
___inthi_sp                   stack        000000
___intlo_sp                   stack        000000
___param_bank                 (abs)        000000
___rparam_used                (abs)        000001
___sp                         stack        000000
___wmul                       text34       0046E8
___wmul@multiplicand          cstackCOMRAM 00000C
___wmul@multiplier            cstackCOMRAM 00000A
___wmul@product               cstackCOMRAM 00000E
___xxtofl                     text37       0032B4
___xxtofl@arg                 cstackCOMRAM 000014
___xxtofl@exp                 cstackCOMRAM 000013
___xxtofl@sign                cstackCOMRAM 000012
___xxtofl@val                 cstackCOMRAM 00000A
__accesstop                   (abs)        000060
__activetblptr                (abs)        000002
__end_of_BusyXLCD             text43       004478
__end_of_DelayFor18TCY        text44       00474C
__end_of_DelayPORXLCD         text42       004742
__end_of_DelayXLCD            text41       004720
__end_of_HighPriorityISR      intcode_body 004756
__end_of_Inicializa_ADC       text46       004732
__end_of_LerADC               text45       0046C2
__end_of_LowPriorityISR       intcodelo    0000C6
__end_of_OpenXLCD             text38       003CDA
__end_of_SetDDRamAddr         text40       00453C
__end_of_WriteCmdXLCD         text39       0045B8
__end_of_WriteDataXLCD        text36       00457A
__end_of___aodiv              text30       003780
__end_of___aomod              text29       0038E4
__end_of___awdiv              text21       003F3E
__end_of___awmod              text20       0040B0
__end_of___fladd              text14       0025FA
__end_of___fldiv              text19       002DC0
__end_of___fleq               text18       00415A
__end_of___flge               text17       003AEE
__end_of___flmul              text16       002A24
__end_of___flneg              text15       004628
__end_of___flsub              text13       004432
__end_of___fltol              text12       0039EA
__end_of___fpclassifyf        text11       003BEC
__end_of___wmul               text34       00470E
__end_of___xxtofl             text37       003468
__end_of__initialization      cinit        0042DE
__end_of_abs                  text28       0044FC
__end_of_atoi                 text31       0035F8
__end_of_dtoa                 text22       00309E
__end_of_efgtoa               text6        00142A
__end_of_floorf               text10       0032B4
__end_of_fputc                text26       003E7A
__end_of_fputs                text25       0044BC
__end_of_isdigit              text33       004660
__end_of_isspace              text32       0043EC
__end_of_isupper              text8        0045F0
__end_of_main                 text0        001C06
__end_of_pad                  text23       004000
__end_of_putch                text27       00475C
__end_of_putrsXLCD            text35       0041CC
__end_of_sprintf              text2        00439A
__end_of_strcat               text1        0046E8
__end_of_strcpy               text9        004348
__end_of_strlen               text24       004696
__end_of_strncmp              text5        003DB0
__end_of_tolower              text7        00428E
__end_of_vfpfcnvrt            text4        00213A
__end_of_vfprintf             text3        00422E
__initialization              cinit        00428E
__mediumconst                 mediumconst  000000
__pbssBANK0                   bssBANK0     0000F4
__pbssBANK1                   bssBANK1     00016E
__pbssBANK2                   bssBANK2     000200
__pbssCOMRAM                  bssCOMRAM    00004E
__pcinit                      cinit        00428E
__pcstackBANK0                cstackBANK0  000060
__pcstackBANK1                cstackBANK1  000100
__pcstackCOMRAM               cstackCOMRAM 000001
__pdataBANK1                  dataBANK1    0001C2
__pidataBANK1                 idataBANK1   004756
__pintcode                    intcode      000008
__pintcode_body               intcode_body 00474C
__pintcodelo                  intcodelo    000018
__psmallconst                 smallconst   000800
__ptext0                      text0        00142A
__ptext1                      text1        0046C2
__ptext10                     text10       00309E
__ptext11                     text11       003AEE
__ptext12                     text12       0038E4
__ptext13                     text13       0043EC
__ptext14                     text14       00213A
__ptext15                     text15       0045F0
__ptext16                     text16       0025FA
__ptext17                     text17       0039EA
__ptext18                     text18       0040B0
__ptext19                     text19       002A24
__ptext2                      text2        004348
__ptext20                     text20       004000
__ptext21                     text21       003E7A
__ptext22                     text22       002DC0
__ptext23                     text23       003F3E
__ptext24                     text24       004660
__ptext25                     text25       004478
__ptext26                     text26       003DB0
__ptext27                     text27       00475A
__ptext28                     text28       0044BC
__ptext29                     text29       003780
__ptext3                      text3        0041CC
__ptext30                     text30       0035F8
__ptext31                     text31       003468
__ptext32                     text32       00439A
__ptext33                     text33       004628
__ptext34                     text34       0046E8
__ptext35                     text35       00415A
__ptext36                     text36       00453C
__ptext37                     text37       0032B4
__ptext38                     text38       003BEC
__ptext39                     text39       00457A
__ptext4                      text4        001C06
__ptext40                     text40       0044FC
__ptext41                     text41       00470E
__ptext42                     text42       004732
__ptext43                     text43       004432
__ptext44                     text44       004742
__ptext45                     text45       004696
__ptext46                     text46       004720
__ptext5                      text5        003CDA
__ptext6                      text6        000878
__ptext7                      text7        00422E
__ptext8                      text8        0045B8
__ptext9                      text9        0042EC
__ramtop                      ramtop       000800
__size_of_BusyXLCD            (abs)        000000
__size_of_DelayFor18TCY       (abs)        000000
__size_of_DelayPORXLCD        (abs)        000000
__size_of_DelayXLCD           (abs)        000000
__size_of_HighPriorityISR     (abs)        000000
__size_of_Inicializa_ADC      (abs)        000000
__size_of_LerADC              (abs)        000000
__size_of_LowPriorityISR      (abs)        000000
__size_of_OpenXLCD            (abs)        000000
__size_of_SetDDRamAddr        (abs)        000000
__size_of_WriteCmdXLCD        (abs)        000000
__size_of_WriteDataXLCD       (abs)        000000
__size_of___aodiv             (abs)        000000
__size_of___aomod             (abs)        000000
__size_of___awdiv             (abs)        000000
__size_of___awmod             (abs)        000000
__size_of___fladd             (abs)        000000
__size_of___fldiv             (abs)        000000
__size_of___fleq              (abs)        000000
__size_of___flge              (abs)        000000
__size_of___flmul             (abs)        000000
__size_of___flneg             (abs)        000000
__size_of___flsub             (abs)        000000
__size_of___fltol             (abs)        000000
__size_of___fpclassifyf       (abs)        000000
__size_of___wmul              (abs)        000000
__size_of___xxtofl            (abs)        000000
__size_of_abs                 (abs)        000000
__size_of_atoi                (abs)        000000
__size_of_dtoa                (abs)        000000
__size_of_efgtoa              (abs)        000000
__size_of_floorf              (abs)        000000
__size_of_fputc               (abs)        000000
__size_of_fputs               (abs)        000000
__size_of_isdigit             (abs)        000000
__size_of_isspace             (abs)        000000
__size_of_isupper             (abs)        000000
__size_of_main                (abs)        000000
__size_of_pad                 (abs)        000000
__size_of_putch               (abs)        000000
__size_of_putrsXLCD           (abs)        000000
__size_of_sprintf             (abs)        000000
__size_of_strcat              (abs)        000000
__size_of_strcpy              (abs)        000000
__size_of_strlen              (abs)        000000
__size_of_strncmp             (abs)        000000
__size_of_tolower             (abs)        000000
__size_of_vfpfcnvrt           (abs)        000000
__size_of_vfprintf            (abs)        000000
__smallconst                  smallconst   000800
_abs                          text28       0044BC
_atoi                         text31       003468
_atoi$1415                    cstackCOMRAM 000019
_atoi$1416                    cstackCOMRAM 00001D
_atoi$1417                    cstackCOMRAM 00001B
_calculo_de_potencia          bssBANK1     00016E
_dbuf                         bssBANK1     000172
_dtoa                         text22       002DC0
_dtoa$1325                    cstackCOMRAM 000037
_efgtoa                       text6        000878
_efgtoa$1349                  cstackBANK0  000088
_efgtoa$1350                  cstackBANK0  00008A
_efgtoa$1354                  cstackBANK0  00008C
_efgtoa$1358                  cstackBANK0  00008E
_efgtoa$1359                  cstackBANK0  000090
_efgtoa$1360                  cstackBANK0  000092
_flag_primeira_vez            dataBANK1    0001C2
_flags                        bssCOMRAM    000052
_floorf                       text10       00309E
_fputc                        text26       003DB0
_fputs                        text25       004478
_isdigit                      text33       004628
_isspace                      text32       00439A
_isspace$1446                 cstackCOMRAM 000010
_isupper                      text8        0045B8
_main                         text0        00142A
_main$1750                    cstackBANK1  000142
_main$1751                    cstackBANK1  000146
_main$1752                    cstackBANK1  00014A
_main$1753                    cstackBANK1  00014E
_minutos_que_passaram         bssCOMRAM    000054
_nout                         bssBANK0     0000FC
_pad                          text23       003F3E
_prec                         bssCOMRAM    000050
_putch                        text27       00475A
_putrsXLCD                    text35       00415A
_segundos_que_passaram        dataBANK1    0001C4
_somatorio_de_tensoes         bssBANK0     0000FE
_sprintf                      text2        004348
_strcat                       text1        0046C2
_strcpy                       text9        0042EC
_strlen                       text24       004660
_strncmp                      text5        003CDA
_tolower                      text7        00422E
_tolower$1517                 cstackCOMRAM 000016
_vetor_de_potencias           bssBANK2     000200
_vfpfcnvrt                    text4        001C06
_vfpfcnvrt$1374               cstackBANK0  0000CE
_vfpfcnvrt$1379               cstackBANK0  0000D0
_vfprintf                     text3        0041CC
_width                        bssCOMRAM    00004E
abs@a                         cstackCOMRAM 00001C
atoi@n                        cstackCOMRAM 00001E
atoi@neg                      cstackCOMRAM 000017
atoi@s                        cstackCOMRAM 000011
btemp                         temp         000056
dtoa@d                        cstackCOMRAM 000027
dtoa@fp                       cstackCOMRAM 000025
dtoa@i                        cstackCOMRAM 000047
dtoa@n                        cstackCOMRAM 00003F
dtoa@p                        cstackCOMRAM 000039
dtoa@s                        cstackCOMRAM 00003D
dtoa@w                        cstackCOMRAM 00003B
efgtoa@c                      cstackBANK0  000083
efgtoa@d                      cstackBANK0  00009C
efgtoa@e                      cstackBANK0  0000B4
efgtoa@f                      cstackBANK0  00007F
efgtoa@fp                     cstackBANK0  00007D
efgtoa@g                      cstackBANK0  0000B0
efgtoa@h                      cstackBANK0  0000A6
efgtoa@i                      cstackBANK0  0000AE
efgtoa@l                      cstackBANK0  0000AA
efgtoa@m                      cstackBANK0  000098
efgtoa@mode                   cstackBANK0  0000A5
efgtoa@n                      cstackBANK0  0000B6
efgtoa@ne                     cstackBANK0  00009A
efgtoa@nmode                  cstackBANK0  0000A2
efgtoa@ou                     cstackBANK0  000084
efgtoa@p                      cstackBANK0  0000A0
efgtoa@pp                     cstackBANK0  000096
efgtoa@sign                   cstackBANK0  00009E
efgtoa@t                      cstackBANK0  000094
efgtoa@u                      cstackBANK0  0000B8
efgtoa@w                      cstackBANK0  0000A3
end_of_initialization         cinit        0042DE
floorf@F524                   bssBANK0     0000F4
floorf@e                      cstackBANK0  000077
floorf@m                      cstackBANK0  000073
floorf@u                      cstackBANK0  000079
floorf@x                      cstackCOMRAM 000045
fputc@c                       cstackCOMRAM 00000A
fputc@fp                      cstackCOMRAM 00000C
fputs@c                       cstackCOMRAM 000017
fputs@fp                      cstackCOMRAM 000015
fputs@i                       cstackCOMRAM 000018
fputs@s                       cstackCOMRAM 000013
int$flags                     temp         000056
int_func                      intcode_body 00474C
intlevel0                     text         000000
intlevel1                     text         000000
intlevel2                     text         000000
intlevel3                     text         000000
isdigit@c                     cstackCOMRAM 00000A
isspace@c                     cstackCOMRAM 00000A
isupper@c                     cstackCOMRAM 00000A
main@adcValue                 cstackBANK1  00015A
main@calculando               cstackBANK1  000102
main@current                  cstackBANK1  000164
main@currentWatts             cstackBANK1  000126
main@dis_de_consumo_por_mes   cstackBANK1  000154
main@horas_de_consumo_por_dia cstackBANK1  000152
main@i                        cstackBANK1  000160
main@minuteWatts              cstackBANK1  000130
main@offsetVoltage            cstackBANK1  00013A
main@potencia_por_minuto      cstackBANK1  00016A
main@preco_em_reais           cstackBANK1  00015C
main@sensitivity              cstackBANK1  00013E
main@tela                     cstackBANK1  000168
main@valorPorHora             cstackBANK1  000112
main@valorPorMes              cstackBANK1  00011C
main@voltage                  cstackBANK1  000156
main@y                        cstackBANK1  000162
pad@buf                       cstackCOMRAM 00001C
pad@fp                        cstackCOMRAM 00001A
pad@i                         cstackCOMRAM 000021
pad@p                         cstackCOMRAM 00001E
pad@w                         cstackCOMRAM 000023
putrsXLCD@buffer              cstackCOMRAM 00000B
sprintf@ap                    cstackBANK0  0000EC
sprintf@f                     cstackBANK0  0000EE
sprintf@fmt                   cstackBANK0  0000E4
sprintf@s                     cstackBANK0  0000E2
stackhi                       (abs)        0007FF
stacklo                       (abs)        0002F0
start                         init         0000C6
start_initialization          cinit        00428E
strcat@dest                   cstackCOMRAM 000018
strcat@src                    cstackCOMRAM 00001A
strcpy@d                      cstackCOMRAM 000016
strcpy@dest                   cstackCOMRAM 00000E
strcpy@s                      cstackCOMRAM 000014
strcpy@src                    cstackCOMRAM 000010
strlen@a                      cstackCOMRAM 00000C
strlen@s                      cstackCOMRAM 00000A
strncmp@_l                    cstackCOMRAM 00000A
strncmp@_r                    cstackCOMRAM 00000C
strncmp@l                     cstackCOMRAM 000011
strncmp@n                     cstackCOMRAM 00000E
strncmp@r                     cstackCOMRAM 000013
tolower@c                     cstackCOMRAM 000010
ttemp5                        temp         000057
ttemp6                        temp         00005A
ttemp7                        temp         00005E
vfpfcnvrt@ap                  cstackBANK0  0000C0
vfpfcnvrt@c                   cstackBANK0  0000D9
vfpfcnvrt@ct                  cstackBANK0  0000D2
vfpfcnvrt@f                   cstackBANK0  0000D5
vfpfcnvrt@fmt                 cstackBANK0  0000BE
vfpfcnvrt@fp                  cstackBANK0  0000BC
vfpfcnvrt@ll                  cstackBANK0  0000C6
vfprintf@ap                   cstackBANK0  0000DE
vfprintf@cfmt                 cstackBANK0  0000E0
vfprintf@fmt                  cstackBANK0  0000DC
vfprintf@fp                   cstackBANK0  0000DA
wtemp8                        temp         000057


FUNCTION INFORMATION:

 *************** function _main *****************
 Defined at:
		line 150 in file "newmain.c"
 Parameters:    Size  Location     Type
		None
 Auto vars:     Size  Location     Type
  y               2   98[BANK1 ] int 
  i               2   96[BANK1 ] int 
  potencia_por    4  106[BANK1 ] float 
  preco_em_rea    4   92[BANK1 ] float 
  calculando     16    2[BANK1 ] unsigned char [16]
  minuteWatts    10   48[BANK1 ] unsigned char [10]
  currentWatts   10   38[BANK1 ] unsigned char [10]
  valorPorMes    10   28[BANK1 ] unsigned char [10]
  valorPorHora   10   18[BANK1 ] unsigned char [10]
  current         4  100[BANK1 ] float 
  voltage         4   86[BANK1 ] float 
  sensitivity     4   62[BANK1 ] float 
  offsetVoltag    4   58[BANK1 ] float 
  tela            2  104[BANK1 ] int 
  adcValue        2   90[BANK1 ] unsigned int 
  dis_de_consu    2   84[BANK1 ] int 
  horas_de_con    2   82[BANK1 ] int 
 Return value:  Size  Location     Type
                  1    wreg      void 
 Registers used:
		wreg, fsr1l, fsr1h, fsr2l, fsr2h, status,2, status,0, tblptrl, tblptrh, tblptru, prodl, prodh, cstack
 Tracked objects:
		On entry : 
		On exit  : 
		Unchanged: 
 Data sizes:     COMRAM   BANK0   BANK1   BANK2   BANK3   BANK4   BANK5   BANK6   BANK7
      Params:         0       0       0       0       0       0       0       0       0
      Locals:         0       0     108       0       0       0       0       0       0
      Temps:          0       0       2       0       0       0       0       0       0
      Totals:         0       0     110       0       0       0       0       0       0
Total ram usage:      110 bytes
 Hardware stack levels required when called:   10
 This function calls:
		_Inicializa_ADC
		_LerADC
		_OpenXLCD
		_WriteCmdXLCD
		___fladd
		___fldiv
		___flmul
		___flsub
		___xxtofl
		_putrsXLCD
		_sprintf
		_strcat
 This function is called by:
		Startup code after reset
 This function uses a non-reentrant model


 *************** function _strcat *****************
 Defined at:
		line 3 in file "E:\MPLAB\xc8\pic\sources\c99\common\strcat.c"
 Parameters:    Size  Location     Type
  dest            2   23[COMRAM] PTR unsigned char 
		 -> main@minuteWatts(10), main@currentWatts(10), 
  src             2   25[COMRAM] PTR const unsigned char 
		 -> STR_7(5), STR_4(4), 
 Auto vars:     Size  Location     Type
		None
 Return value:  Size  Location     Type
                  2   23[COMRAM] PTR unsigned char 
 Registers used:
		wreg, fsr1l, fsr1h, fsr2l, fsr2h, status,2, status,0, tblptrl, tblptrh, tblptru, cstack
 Tracked objects:
		On entry : 
		On exit  : 
		Unchanged: 
 Data sizes:     COMRAM   BANK0   BANK1   BANK2   BANK3   BANK4   BANK5   BANK6   BANK7
      Params:         4       0       0       0       0       0       0       0       0
      Locals:         0       0       0       0       0       0       0       0       0
      Temps:          0       0       0       0       0       0       0       0       0
      Totals:         4       0       0       0       0       0       0       0       0
Total ram usage:        4 bytes
 Hardware stack levels used:    1
 Hardware stack levels required when called:    3
 This function calls:
		_strcpy
		_strlen
 This function is called by:
		_main
 This function uses a non-reentrant model


 *************** function _sprintf *****************
 Defined at:
		line 9 in file "E:\MPLAB\xc8\pic\sources\c99\common\nf_sprintf.c"
 Parameters:    Size  Location     Type
  s               2  130[BANK0 ] PTR unsigned char 
		 -> main@calculando(16), main@valorPorMes(10), main@valorPorHora(10), main@minuteWatts(10), 
		 -> main@currentWatts(10), 
  fmt             2  132[BANK0 ] PTR const unsigned char 
		 -> STR_15(17), STR_13(17), STR_11(8), STR_10(8), 
		 -> STR_9(8), STR_8(8), STR_6(5), STR_5(5), 
		 -> STR_3(5), STR_2(5), 
 Auto vars:     Size  Location     Type
  f               6  142[BANK0 ] struct _IO_FILE
  ap              2  140[BANK0 ] PTR void [1]
		 -> ?_sprintf(2), 
  ret             2    0        int 
 Return value:  Size  Location     Type
                  2  130[BANK0 ] int 
 Registers used:
		wreg, fsr1l, fsr1h, fsr2l, fsr2h, status,2, status,0, tblptrl, tblptrh, tblptru, prodl, prodh, cstack
 Tracked objects:
		On entry : 
		On exit  : 
		Unchanged: 
 Data sizes:     COMRAM   BANK0   BANK1   BANK2   BANK3   BANK4   BANK5   BANK6   BANK7
      Params:         0       8       0       0       0       0       0       0       0
      Locals:         0      10       0       0       0       0       0       0       0
      Temps:          0       0       0       0       0       0       0       0       0
      Totals:         0      18       0       0       0       0       0       0       0
Total ram usage:       18 bytes
 Hardware stack levels used:    1
 Hardware stack levels required when called:    9
 This function calls:
		_vfprintf
 This function is called by:
		_main
 This function uses a non-reentrant model


 *************** function _vfprintf *****************
 Defined at:
		line 1368 in file "E:\MPLAB\xc8\pic\sources\c99\common\doprnt.c"
 Parameters:    Size  Location     Type
  fp              2  122[BANK0 ] PTR struct _IO_FILE
		 -> sprintf@f(6), 
  fmt             2  124[BANK0 ] PTR const unsigned char 
		 -> STR_15(17), STR_13(17), STR_11(8), STR_10(8), 
		 -> STR_9(8), STR_8(8), STR_6(5), STR_5(5), 
		 -> STR_3(5), STR_2(5), 
  ap              2  126[BANK0 ] PTR PTR void 
		 -> sprintf@ap(2), 
 Auto vars:     Size  Location     Type
  cfmt            2  128[BANK0 ] PTR unsigned char 
		 -> STR_15(17), STR_13(17), STR_11(8), STR_10(8), 
		 -> STR_9(8), STR_8(8), STR_6(5), STR_5(5), 
		 -> STR_3(5), STR_2(5), 
 Return value:  Size  Location     Type
                  2  122[BANK0 ] int 
 Registers used:
		wreg, fsr1l, fsr1h, fsr2l, fsr2h, status,2, status,0, tblptrl, tblptrh, tblptru, prodl, prodh, cstack
 Tracked objects:
		On entry : 
		On exit  : 
		Unchanged: 
 Data sizes:     COMRAM   BANK0   BANK1   BANK2   BANK3   BANK4   BANK5   BANK6   BANK7
      Params:         0       6       0       0       0       0       0       0       0
      Locals:         0       2       0       0       0       0       0       0       0
      Temps:          0       0       0       0       0       0       0       0       0
      Totals:         0       8       0       0       0       0       0       0       0
Total ram usage:        8 bytes
 Hardware stack levels used:    1
 Hardware stack levels required when called:    8
 This function calls:
		_vfpfcnvrt
 This function is called by:
		_sprintf
 This function uses a non-reentrant model


 *************** function _vfpfcnvrt *****************
 Defined at:
		line 670 in file "E:\MPLAB\xc8\pic\sources\c99\common\doprnt.c"
 Parameters:    Size  Location     Type
  fp              2   92[BANK0 ] PTR struct _IO_FILE
		 -> sprintf@f(6), 
  fmt             2   94[BANK0 ] PTR PTR unsigned char 
		 -> vfprintf@cfmt(2), 
  ap              2   96[BANK0 ] PTR PTR void 
		 -> sprintf@ap(2), 
 Auto vars:     Size  Location     Type
  ll              8  102[BANK0 ] long long 
  llu             8    0        unsigned long long 
  f               4  117[BANK0 ] unsigned long long 
  ct              3  114[BANK0 ] unsigned char [3]
  vp              3    0        PTR void 
  cp              3    0        PTR unsigned char 
  i               2    0        int 
  done            2    0        int 
  c               1  121[BANK0 ] unsigned char 
 Return value:  Size  Location     Type
                  2   92[BANK0 ] int 
 Registers used:
		wreg, fsr1l, fsr1h, fsr2l, fsr2h, status,2, status,0, tblptrl, tblptrh, tblptru, prodl, prodh, cstack
 Tracked objects:
		On entry : 
		On exit  : 
		Unchanged: 
 Data sizes:     COMRAM   BANK0   BANK1   BANK2   BANK3   BANK4   BANK5   BANK6   BANK7
      Params:         0       6       0       0       0       0       0       0       0
      Locals:         0      20       0       0       0       0       0       0       0
      Temps:          0       4       0       0       0       0       0       0       0
      Totals:         0      30       0       0       0       0       0       0       0
Total ram usage:       30 bytes
 Hardware stack levels used:    1
 Hardware stack levels required when called:    7
 This function calls:
		_atoi
		_dtoa
		_efgtoa
		_fputc
		_isdigit
		_isupper
		_strncmp
		_tolower
 This function is called by:
		_vfprintf
 This function uses a non-reentrant model


 *************** function _strncmp *****************
 Defined at:
		line 3 in file "E:\MPLAB\xc8\pic\sources\c99\common\strncmp.c"
 Parameters:    Size  Location     Type
  _l              2    9[COMRAM] PTR const unsigned char 
		 -> vfpfcnvrt@ct(3), 
  _r              2   11[COMRAM] PTR const unsigned char 
		 -> STR_29(3), 
  n               2   13[COMRAM] unsigned int 
 Auto vars:     Size  Location     Type
  r               2   18[COMRAM] PTR const unsigned char 
		 -> STR_29(3), 
  l               2   16[COMRAM] PTR const unsigned char 
		 -> vfpfcnvrt@ct(3), 
 Return value:  Size  Location     Type
                  2    9[COMRAM] int 
 Registers used:
		wreg, fsr2l, fsr2h, status,2, status,0, tblptrl, tblptrh, tblptru
 Tracked objects:
		On entry : 
		On exit  : 
		Unchanged: 
 Data sizes:     COMRAM   BANK0   BANK1   BANK2   BANK3   BANK4   BANK5   BANK6   BANK7
      Params:         6       0       0       0       0       0       0       0       0
      Locals:         4       0       0       0       0       0       0       0       0
      Temps:          1       0       0       0       0       0       0       0       0
      Totals:        11       0       0       0       0       0       0       0       0
Total ram usage:       11 bytes
 Hardware stack levels used:    1
 Hardware stack levels required when called:    2
 This function calls:
		Nothing
 This function is called by:
		_vfpfcnvrt
 This function uses a non-reentrant model


 *************** function _efgtoa *****************
 Defined at:
		line 319 in file "E:\MPLAB\xc8\pic\sources\c99\common\doprnt.c"
 Parameters:    Size  Location     Type
  fp              2   29[BANK0 ] PTR struct _IO_FILE
		 -> sprintf@f(6), 
  f               4   31[BANK0 ] PTR struct _IO_FILE
  c               1   35[BANK0 ] unsigned char 
 Auto vars:     Size  Location     Type
  u               4   88[BANK0 ] unsigned char 
  g               4   80[BANK0 ] unsigned char 
  l               4   74[BANK0 ] unsigned char 
  h               4   70[BANK0 ] unsigned char 
  ou              4   36[BANK0 ] unsigned char 
  n               2   86[BANK0 ] int 
  e               2   84[BANK0 ] int 
  i               2   78[BANK0 ] int 
  w               2   67[BANK0 ] int 
  p               2   64[BANK0 ] int 
  sign            2   62[BANK0 ] int 
  d               2   60[BANK0 ] int 
  ne              2   58[BANK0 ] int 
  m               2   56[BANK0 ] int 
  pp              2   54[BANK0 ] int 
  t               2   52[BANK0 ] int 
  mode            1   69[BANK0 ] unsigned char 
  nmode           1   66[BANK0 ] unsigned char 
 Return value:  Size  Location     Type
                  2   29[BANK0 ] int 
 Registers used:
		wreg, fsr1l, fsr1h, fsr2l, fsr2h, status,2, status,0, tblptrl, tblptrh, tblptru, prodl, prodh, cstack
 Tracked objects:
		On entry : 
		On exit  : 
		Unchanged: 
 Data sizes:     COMRAM   BANK0   BANK1   BANK2   BANK3   BANK4   BANK5   BANK6   BANK7
      Params:         0       7       0       0       0       0       0       0       0
      Locals:         0      56       0       0       0       0       0       0       0
      Temps:          5       0       0       0       0       0       0       0       0
      Totals:         5      63       0       0       0       0       0       0       0
Total ram usage:       68 bytes
 Hardware stack levels used:    1
 Hardware stack levels required when called:    6
 This function calls:
		___awdiv
		___awmod
		___fladd
		___fldiv
		___fleq
		___flge
		___flmul
		___flneg
		___flsub
		___fltol
		___fpclassifyf
		_floorf
		_isupper
		_pad
		_strcpy
		_tolower
 This function is called by:
		_vfpfcnvrt
 This function uses a non-reentrant model


 *************** function _tolower *****************
 Defined at:
		line 4 in file "E:\MPLAB\xc8\pic\sources\c99\common\tolower.c"
 Parameters:    Size  Location     Type
  c               2   15[COMRAM] int 
 Auto vars:     Size  Location     Type
		None
 Return value:  Size  Location     Type
                  2   15[COMRAM] int 
 Registers used:
		wreg, status,2, status,0
 Tracked objects:
		On entry : 
		On exit  : 
		Unchanged: 
 Data sizes:     COMRAM   BANK0   BANK1   BANK2   BANK3   BANK4   BANK5   BANK6   BANK7
      Params:         2       0       0       0       0       0       0       0       0
      Locals:         2       0       0       0       0       0       0       0       0
      Temps:          4       0       0       0       0       0       0       0       0
      Totals:         8       0       0       0       0       0       0       0       0
Total ram usage:        8 bytes
 Hardware stack levels used:    1
 Hardware stack levels required when called:    3
 This function calls:
		_isupper
 This function is called by:
		_efgtoa
		_vfpfcnvrt
 This function uses a non-reentrant model


 *************** function _isupper *****************
 Defined at:
		line 5 in file "E:\MPLAB\xc8\pic\sources\c99\common\isupper.c"
 Parameters:    Size  Location     Type
  c               2    9[COMRAM] int 
 Auto vars:     Size  Location     Type
		None
 Return value:  Size  Location     Type
                  2    9[COMRAM] int 
 Registers used:
		wreg, status,2, status,0
 Tracked objects:
		On entry : 
		On exit  : 
		Unchanged: 
 Data sizes:     COMRAM   BANK0   BANK1   BANK2   BANK3   BANK4   BANK5   BANK6   BANK7
      Params:         2       0       0       0       0       0       0       0       0
      Locals:         0       0       0       0       0       0       0       0       0
      Temps:          4       0       0       0       0       0       0       0       0
      Totals:         6       0       0       0       0       0       0       0       0
Total ram usage:        6 bytes
 Hardware stack levels used:    1
 Hardware stack levels required when called:    2
 This function calls:
		Nothing
 This function is called by:
		_efgtoa
		_vfpfcnvrt
		_tolower
 This function uses a non-reentrant model


 *************** function _strcpy *****************
 Defined at:
		line 3 in file "E:\MPLAB\xc8\pic\sources\c99\common\strcpy.c"
 Parameters:    Size  Location     Type
  dest            2   13[COMRAM] PTR unsigned char 
		 -> dbuf(80), main@minuteWatts(10), main@currentWatts(10), 
  src             2   15[COMRAM] PTR const unsigned char 
		 -> STR_24(4), STR_23(4), STR_20(4), STR_19(4), 
		 -> dbuf(80), STR_7(5), STR_4(4), 
 Auto vars:     Size  Location     Type
  d               2   21[COMRAM] PTR unsigned char 
		 -> dbuf(80), main@minuteWatts(10), main@currentWatts(10), 
  s               2   19[COMRAM] PTR const unsigned char 
		 -> STR_24(4), STR_23(4), STR_20(4), STR_19(4), 
		 -> dbuf(80), STR_7(5), STR_4(4), 
 Return value:  Size  Location     Type
                  2   13[COMRAM] PTR unsigned char 
 Registers used:
		wreg, fsr1l, fsr1h, fsr2l, fsr2h, status,2, status,0, tblptrl, tblptrh, tblptru
 Tracked objects:
		On entry : 
		On exit  : 
		Unchanged: 
 Data sizes:     COMRAM   BANK0   BANK1   BANK2   BANK3   BANK4   BANK5   BANK6   BANK7
      Params:         4       0       0       0       0       0       0       0       0
      Locals:         4       0       0       0       0       0       0       0       0
      Temps:          2       0       0       0       0       0       0       0       0
      Totals:        10       0       0       0       0       0       0       0       0
Total ram usage:       10 bytes
 Hardware stack levels used:    1
 Hardware stack levels required when called:    2
 This function calls:
		Nothing
 This function is called by:
		_efgtoa
		_strcat
 This function uses a non-reentrant model


 *************** function _floorf *****************
 Defined at:
		line 3 in file "E:\MPLAB\xc8\pic\sources\c99\common\floorf.c"
 Parameters:    Size  Location     Type
  x               4   68[COMRAM] float 
 Auto vars:     Size  Location     Type
  u               4   25[BANK0 ] struct .
  m               4   19[BANK0 ] unsigned long 
  e               2   23[BANK0 ] int 
 Return value:  Size  Location     Type
                  4   68[COMRAM] float 
 Registers used:
		wreg, status,2, status,0
 Tracked objects:
		On entry : 
		On exit  : 
		Unchanged: 
 Data sizes:     COMRAM   BANK0   BANK1   BANK2   BANK3   BANK4   BANK5   BANK6   BANK7
      Params:         4       0       0       0       0       0       0       0       0
      Locals:         0      10       0       0       0       0       0       0       0
      Temps:          0       6       0       0       0       0       0       0       0
      Totals:         4      16       0       0       0       0       0       0       0
Total ram usage:       20 bytes
 Hardware stack levels used:    1
 Hardware stack levels required when called:    2
 This function calls:
		Nothing
 This function is called by:
		_efgtoa
 This function uses a non-reentrant model


 *************** function ___fpclassifyf *****************
 Defined at:
		line 4 in file "E:\MPLAB\xc8\pic\sources\c99\common\__fpclassifyf.c"
 Parameters:    Size  Location     Type
  x               4    9[COMRAM] float 
 Auto vars:     Size  Location     Type
  u               4   19[COMRAM] struct .
  e               2   17[COMRAM] int 
 Return value:  Size  Location     Type
                  2    9[COMRAM] int 
 Registers used:
		wreg, status,2, status,0
 Tracked objects:
		On entry : 
		On exit  : 
		Unchanged: 
 Data sizes:     COMRAM   BANK0   BANK1   BANK2   BANK3   BANK4   BANK5   BANK6   BANK7
      Params:         4       0       0       0       0       0       0       0       0
      Locals:         6       0       0       0       0       0       0       0       0
      Temps:          4       0       0       0       0       0       0       0       0
      Totals:        14       0       0       0       0       0       0       0       0
Total ram usage:       14 bytes
 Hardware stack levels used:    1
 Hardware stack levels required when called:    2
 This function calls:
		Nothing
 This function is called by:
		_efgtoa
 This function uses a non-reentrant model


 *************** function ___fltol *****************
 Defined at:
		line 43 in file "E:\MPLAB\xc8\pic\sources\c99\common\fltol.c"
 Parameters:    Size  Location     Type
  f1              4    9[COMRAM] int 
 Auto vars:     Size  Location     Type
  exp1            1   18[COMRAM] unsigned char 
  sign1           1   17[COMRAM] unsigned char 
 Return value:  Size  Location     Type
                  4    9[COMRAM] long 
 Registers used:
		wreg, status,2, status,0
 Tracked objects:
		On entry : 
		On exit  : 
		Unchanged: 
 Data sizes:     COMRAM   BANK0   BANK1   BANK2   BANK3   BANK4   BANK5   BANK6   BANK7
      Params:         4       0       0       0       0       0       0       0       0
      Locals:         2       0       0       0       0       0       0       0       0
      Temps:          4       0       0       0       0       0       0       0       0
      Totals:        10       0       0       0       0       0       0       0       0
Total ram usage:       10 bytes
 Hardware stack levels used:    1
 Hardware stack levels required when called:    2
 This function calls:
		Nothing
 This function is called by:
		_efgtoa
 This function uses a non-reentrant model


 *************** function ___flsub *****************
 Defined at:
		line 245 in file "E:\MPLAB\xc8\pic\sources\c99\common\sprcadd.c"
 Parameters:    Size  Location     Type
  b               4   48[COMRAM] long 
  a               4   52[COMRAM] long 
 Auto vars:     Size  Location     Type
		None
 Return value:  Size  Location     Type
                  4   48[COMRAM] long 
 Registers used:
		wreg, status,2, status,0, cstack
 Tracked objects:
		On entry : 
		On exit  : 
		Unchanged: 
 Data sizes:     COMRAM   BANK0   BANK1   BANK2   BANK3   BANK4   BANK5   BANK6   BANK7
      Params:         8       0       0       0       0       0       0       0       0
      Locals:         0       0       0       0       0       0       0       0       0
      Temps:          0       0       0       0       0       0       0       0       0
      Totals:         8       0       0       0       0       0       0       0       0
Total ram usage:        8 bytes
 Hardware stack levels used:    1
 Hardware stack levels required when called:    3
 This function calls:
		___fladd
 This function is called by:
		_main
		_efgtoa
 This function uses a non-reentrant model


 *************** function ___fladd *****************
 Defined at:
		line 10 in file "E:\MPLAB\xc8\pic\sources\c99\common\sprcadd.c"
 Parameters:    Size  Location     Type
  b               4    9[COMRAM] long 
  a               4   13[COMRAM] long 
 Auto vars:     Size  Location     Type
  grs             1   24[COMRAM] unsigned char 
  bexp            1   23[COMRAM] unsigned char 
  aexp            1   22[COMRAM] unsigned char 
  signs           1   21[COMRAM] unsigned char 
 Return value:  Size  Location     Type
                  4    9[COMRAM] unsigned char 
 Registers used:
		wreg, status,2, status,0
 Tracked objects:
		On entry : 
		On exit  : 
		Unchanged: 
 Data sizes:     COMRAM   BANK0   BANK1   BANK2   BANK3   BANK4   BANK5   BANK6   BANK7
      Params:         8       0       0       0       0       0       0       0       0
      Locals:         4       0       0       0       0       0       0       0       0
      Temps:          4       0       0       0       0       0       0       0       0
      Totals:        16       0       0       0       0       0       0       0       0
Total ram usage:       16 bytes
 Hardware stack levels used:    1
 Hardware stack levels required when called:    2
 This function calls:
		Nothing
 This function is called by:
		_main
		___flsub
		_efgtoa
 This function uses a non-reentrant model


 *************** function ___flneg *****************
 Defined at:
		line 15 in file "E:\MPLAB\xc8\pic\sources\c99\common\flneg.c"
 Parameters:    Size  Location     Type
  f1              4    9[COMRAM] unsigned char 
 Auto vars:     Size  Location     Type
		None
 Return value:  Size  Location     Type
                  4    9[COMRAM] unsigned char 
 Registers used:
		wreg, status,2, status,0
 Tracked objects:
		On entry : 
		On exit  : 
		Unchanged: 
 Data sizes:     COMRAM   BANK0   BANK1   BANK2   BANK3   BANK4   BANK5   BANK6   BANK7
      Params:         4       0       0       0       0       0       0       0       0
      Locals:         0       0       0       0       0       0       0       0       0
      Temps:          0       0       0       0       0       0       0       0       0
      Totals:         4       0       0       0       0       0       0       0       0
Total ram usage:        4 bytes
 Hardware stack levels used:    1
 Hardware stack levels required when called:    2
 This function calls:
		Nothing
 This function is called by:
		_efgtoa
 This function uses a non-reentrant model


 *************** function ___flmul *****************
 Defined at:
		line 8 in file "E:\MPLAB\xc8\pic\sources\c99\common\sprcmul.c"
 Parameters:    Size  Location     Type
  b               4   23[COMRAM] unsigned char 
  a               4   27[COMRAM] unsigned char 
 Auto vars:     Size  Location     Type
  prod            4   42[COMRAM] struct .
  grs             4   36[COMRAM] unsigned long 
  temp            2   46[COMRAM] struct .
  bexp            1   41[COMRAM] unsigned char 
  aexp            1   40[COMRAM] unsigned char 
  sign            1   35[COMRAM] unsigned char 
 Return value:  Size  Location     Type
                  4   23[COMRAM] unsigned char 
 Registers used:
		wreg, status,2, status,0, prodl, prodh
 Tracked objects:
		On entry : 
		On exit  : 
		Unchanged: 
 Data sizes:     COMRAM   BANK0   BANK1   BANK2   BANK3   BANK4   BANK5   BANK6   BANK7
      Params:         8       0       0       0       0       0       0       0       0
      Locals:        13       0       0       0       0       0       0       0       0
      Temps:          4       0       0       0       0       0       0       0       0
      Totals:        25       0       0       0       0       0       0       0       0
Total ram usage:       25 bytes
 Hardware stack levels used:    1
 Hardware stack levels required when called:    2
 This function calls:
		Nothing
 This function is called by:
		_main
		_efgtoa
 This function uses a non-reentrant model


 *************** function ___flge *****************
 Defined at:
		line 4 in file "E:\MPLAB\xc8\pic\sources\c99\common\flge.c"
 Parameters:    Size  Location     Type
  ff1             4   48[COMRAM] unsigned char 
  ff2             4   52[COMRAM] unsigned char 
 Auto vars:     Size  Location     Type
		None
 Return value:  Size  Location     Type
		None               void
 Registers used:
		wreg, status,2, status,0
 Tracked objects:
		On entry : 
		On exit  : 
		Unchanged: 
 Data sizes:     COMRAM   BANK0   BANK1   BANK2   BANK3   BANK4   BANK5   BANK6   BANK7
      Params:         8       0       0       0       0       0       0       0       0
      Locals:         0       0       0       0       0       0       0       0       0
      Temps:          4       0       0       0       0       0       0       0       0
      Totals:        12       0       0       0       0       0       0       0       0
Total ram usage:       12 bytes
 Hardware stack levels used:    1
 Hardware stack levels required when called:    2
 This function calls:
		Nothing
 This function is called by:
		_efgtoa
 This function uses a non-reentrant model


 *************** function ___fleq *****************
 Defined at:
		line 4 in file "E:\MPLAB\xc8\pic\sources\c99\common\fleq.c"
 Parameters:    Size  Location     Type
  ff1             4    9[COMRAM] unsigned char 
  ff2             4   13[COMRAM] unsigned char 
 Auto vars:     Size  Location     Type
		None
 Return value:  Size  Location     Type
		None               void
 Registers used:
		wreg, status,2, status,0
 Tracked objects:
		On entry : 
		On exit  : 
		Unchanged: 
 Data sizes:     COMRAM   BANK0   BANK1   BANK2   BANK3   BANK4   BANK5   BANK6   BANK7
      Params:         8       0       0       0       0       0       0       0       0
      Locals:         0       0       0       0       0       0       0       0       0
      Temps:          4       0       0       0       0       0       0       0       0
      Totals:        12       0       0       0       0       0       0       0       0
Total ram usage:       12 bytes
 Hardware stack levels used:    1
 Hardware stack levels required when called:    2
 This function calls:
		Nothing
 This function is called by:
		_efgtoa
 This function uses a non-reentrant model


 *************** function ___fldiv *****************
 Defined at:
		line 11 in file "E:\MPLAB\xc8\pic\sources\c99\common\sprcdiv.c"
 Parameters:    Size  Location     Type
  b               4   56[COMRAM] unsigned char 
  a               4   60[COMRAM] unsigned char 
 Auto vars:     Size  Location     Type
[...]
		On entry : 
		On exit  : 
		Unchanged: 
 Data sizes:     COMRAM   BANK0   BANK1   BANK2   BANK3   BANK4   BANK5   BANK6   BANK7
      Params:         0       0       0       0       0       0       0       0       0
      Locals:         1       0       0       0       0       0       0       0       0
      Temps:          0       0       0       0       0       0       0       0       0
      Totals:         1       0       0       0       0       0       0       0       0
Total ram usage:        1 bytes
 Hardware stack levels used:    1
 Hardware stack levels required when called:    3
 This function calls:
		_DelayFor18TCY
 This function is called by:
		_putrsXLCD
		_putsXLCD
 This function uses a non-reentrant model


 *************** function ___xxtofl *****************
 Defined at:
		line 10 in file "E:\MPLAB\xc8\pic\sources\c99\common\xxtofl.c"
 Parameters:    Size  Location     Type
  sign            1    wreg     unsigned char 
  val             4    9[COMRAM] long 
 Auto vars:     Size  Location     Type
  sign            1   17[COMRAM] unsigned char 
  arg             4   19[COMRAM] unsigned long 
  exp             1   18[COMRAM] unsigned char 
 Return value:  Size  Location     Type
                  4    9[COMRAM] unsigned char 
 Registers used:
		wreg, status,2, status,0
 Tracked objects:
		On entry : 
		On exit  : 
		Unchanged: 
 Data sizes:     COMRAM   BANK0   BANK1   BANK2   BANK3   BANK4   BANK5   BANK6   BANK7
      Params:         4       0       0       0       0       0       0       0       0
      Locals:         6       0       0       0       0       0       0       0       0
      Temps:          4       0       0       0       0       0       0       0       0
      Totals:        14       0       0       0       0       0       0       0       0
Total ram usage:       14 bytes
 Hardware stack levels used:    1
 Hardware stack levels required when called:    2
 This function calls:
		Nothing
 This function is called by:
		_main
 This function uses a non-reentrant model


 *************** function _OpenXLCD *****************
 Defined at:
		line 41 in file "nxlcd.c"
 Parameters:    Size  Location     Type
  lcdtype         1    wreg     unsigned char 
 Auto vars:     Size  Location     Type
  lcdtype         1   10[COMRAM] unsigned char 
 Return value:  Size  Location     Type
                  1    wreg      void 
 Registers used:
		wreg, status,2, status,0, cstack
 Tracked objects:
		On entry : 
		On exit  : 
		Unchanged: 
 Data sizes:     COMRAM   BANK0   BANK1   BANK2   BANK3   BANK4   BANK5   BANK6   BANK7
      Params:         0       0       0       0       0       0       0       0       0
      Locals:         1       0       0       0       0       0       0       0       0
      Temps:          0       0       0       0       0       0       0       0       0
      Totals:         1       0       0       0       0       0       0       0       0
Total ram usage:        1 bytes
 Hardware stack levels used:    1
 Hardware stack levels required when called:    4
 This function calls:
		_BusyXLCD
		_DelayPORXLCD
		_DelayXLCD
		_SetDDRamAddr
		_WriteCmdXLCD
 This function is called by:
		_main
 This function uses a non-reentrant model


 *************** function _WriteCmdXLCD *****************
 Defined at:
		line 388 in file "nxlcd.c"
 Parameters:    Size  Location     Type
  cmd             1    wreg     unsigned char 
 Auto vars:     Size  Location     Type
  cmd             1    9[COMRAM] unsigned char 
 Return value:  Size  Location     Type
                  1    wreg      void 
 Registers used:
		wreg, status,2, status,0, cstack
 Tracked objects:
		On entry : 
		On exit  : 
		Unchanged: 
 Data sizes:     COMRAM   BANK0   BANK1   BANK2   BANK3   BANK4   BANK5   BANK6   BANK7
      Params:         0       0       0       0       0       0       0       0       0
      Locals:         1       0       0       0       0       0       0       0       0
      Temps:          0       0       0       0       0       0       0       0       0
      Totals:         1       0       0       0       0       0       0       0       0
Total ram usage:        1 bytes
 Hardware stack levels used:    1
 Hardware stack levels required when called:    3
 This function calls:
		_DelayFor18TCY
 This function is called by:
		_OpenXLCD
		_main
 This function uses a non-reentrant model


 *************** function _SetDDRamAddr *****************
 Defined at:
		line 171 in file "nxlcd.c"
 Parameters:    Size  Location     Type
  DDaddr          1    wreg     unsigned char 
 Auto vars:     Size  Location     Type
  DDaddr          1    9[COMRAM] unsigned char 
 Return value:  Size  Location     Type
                  1    wreg      void 
 Registers used:
		wreg, status,2, status,0, cstack
 Tracked objects:
		On entry : 
		On exit  : 
		Unchanged: 
 Data sizes:     COMRAM   BANK0   BANK1   BANK2   BANK3   BANK4   BANK5   BANK6   BANK7
      Params:         0       0       0       0       0       0       0       0       0
      Locals:         1       0       0       0       0       0       0       0       0
      Temps:          0       0       0       0       0       0       0       0       0
      Totals:         1       0       0       0       0       0       0       0       0
Total ram usage:        1 bytes
 Hardware stack levels used:    1
 Hardware stack levels required when called:    3
 This function calls:
		_DelayFor18TCY
 This function is called by:
		_OpenXLCD
 This function uses a non-reentrant model


 *************** function _DelayXLCD *****************
 Defined at:
		line 22 in file "nxlcd.c"
 Parameters:    Size  Location     Type
		None
 Auto vars:     Size  Location     Type
		None
 Return value:  Size  Location     Type
                  1    wreg      void 
 Registers used:
		wreg
 Tracked objects:
		On entry : 
		On exit  : 
		Unchanged: 
 Data sizes:     COMRAM   BANK0   BANK1   BANK2   BANK3   BANK4   BANK5   BANK6   BANK7
      Params:         0       0       0       0       0       0       0       0       0
      Locals:         0       0       0       0       0       0       0       0       0
      Temps:          1       0       0       0       0       0       0       0       0
      Totals:         1       0       0       0       0       0       0       0       0
Total ram usage:        1 bytes
 Hardware stack levels used:    1
 Hardware stack levels required when called:    2
 This function calls:
		Nothing
 This function is called by:
		_OpenXLCD
 This function uses a non-reentrant model


 *************** function _DelayPORXLCD *****************
 Defined at:
		line 17 in file "nxlcd.c"
 Parameters:    Size  Location     Type
		None
 Auto vars:     Size  Location     Type
		None
 Return value:  Size  Location     Type
                  1    wreg      void 
 Registers used:
		wreg
 Tracked objects:
		On entry : 
		On exit  : 
		Unchanged: 
 Data sizes:     COMRAM   BANK0   BANK1   BANK2   BANK3   BANK4   BANK5   BANK6   BANK7
      Params:         0       0       0       0       0       0       0       0       0
      Locals:         0       0       0       0       0       0       0       0       0
      Temps:          1       0       0       0       0       0       0       0       0
      Totals:         1       0       0       0       0       0       0       0       0
Total ram usage:        1 bytes
 Hardware stack levels used:    1
 Hardware stack levels required when called:    2
 This function calls:
		Nothing
 This function is called by:
		_OpenXLCD
 This function uses a non-reentrant model


 *************** function _BusyXLCD *****************
 Defined at:
		line 227 in file "nxlcd.c"
 Parameters:    Size  Location     Type
		None
 Auto vars:     Size  Location     Type
		None
 Return value:  Size  Location     Type
                  1    wreg      unsigned char 
 Registers used:
		wreg, cstack
 Tracked objects:
		On entry : 
		On exit  : 
		Unchanged: 
 Data sizes:     COMRAM   BANK0   BANK1   BANK2   BANK3   BANK4   BANK5   BANK6   BANK7
      Params:         0       0       0       0       0       0       0       0       0
      Locals:         0       0       0       0       0       0       0       0       0
      Temps:          0       0       0       0       0       0       0       0       0
      Totals:         0       0       0       0       0       0       0       0       0
Total ram usage:        0 bytes
 Hardware stack levels used:    1
 Hardware stack levels required when called:    3
 This function calls:
		_DelayFor18TCY
 This function is called by:
		_OpenXLCD
		_putrsXLCD
		_putsXLCD
 This function uses a non-reentrant model


 *************** function _DelayFor18TCY *****************
 Defined at:
		line 12 in file "nxlcd.c"
 Parameters:    Size  Location     Type
		None
 Auto vars:     Size  Location     Type
		None
 Return value:  Size  Location     Type
                  1    wreg      void 
 Registers used:
		wreg
 Tracked objects:
		On entry : 
		On exit  : 
		Unchanged: 
 Data sizes:     COMRAM   BANK0   BANK1   BANK2   BANK3   BANK4   BANK5   BANK6   BANK7
      Params:         0       0       0       0       0       0       0       0       0
      Locals:         0       0       0       0       0       0       0       0       0
      Temps:          0       0       0       0       0       0       0       0       0
      Totals:         0       0       0       0       0       0       0       0       0
Total ram usage:        0 bytes
 Hardware stack levels used:    1
 Hardware stack levels required when called:    2
 This function calls:
		Nothing
 This function is called by:
		_SetDDRamAddr
		_BusyXLCD
		_WriteCmdXLCD
		_WriteDataXLCD
		_SetCGRamAddr
		_ReadAddrXLCD
		_ReadDataXLCD
 This function uses a non-reentrant model


 *************** function _LerADC *****************
 Defined at:
		line 29 in file "./adc.h"
 Parameters:    Size  Location     Type
		None
 Auto vars:     Size  Location     Type
  temp            2   13[COMRAM] unsigned int 
 Return value:  Size  Location     Type
                  2    9[COMRAM] unsigned int 
 Registers used:
		wreg, status,2
 Tracked objects:
		On entry : 
		On exit  : 
		Unchanged: 
 Data sizes:     COMRAM   BANK0   BANK1   BANK2   BANK3   BANK4   BANK5   BANK6   BANK7
      Params:         2       0       0       0       0       0       0       0       0
      Locals:         2       0       0       0       0       0       0       0       0
      Temps:          2       0       0       0       0       0       0       0       0
      Totals:         6       0       0       0       0       0       0       0       0
Total ram usage:        6 bytes
 Hardware stack levels used:    1
 Hardware stack levels required when called:    2
 This function calls:
		Nothing
 This function is called by:
		_main
 This function uses a non-reentrant model


 *************** function _Inicializa_ADC *****************
 Defined at:
		line 17 in file "./adc.h"
 Parameters:    Size  Location     Type
		None
 Auto vars:     Size  Location     Type
		None
 Return value:  Size  Location     Type
                  1    wreg      void 
 Registers used:
		wreg, status,2
 Tracked objects:
		On entry : 
		On exit  : 
		Unchanged: 
 Data sizes:     COMRAM   BANK0   BANK1   BANK2   BANK3   BANK4   BANK5   BANK6   BANK7
      Params:         0       0       0       0       0       0       0       0       0
      Locals:         0       0       0       0       0       0       0       0       0
      Temps:          0       0       0       0       0       0       0       0       0
      Totals:         0       0       0       0       0       0       0       0       0
Total ram usage:        0 bytes
 Hardware stack levels used:    1
 Hardware stack levels required when called:    2
 This function calls:
		Nothing
 This function is called by:
		_main
 This function uses a non-reentrant model


 *************** function _LowPriorityISR *****************
 Defined at:
		line 130 in file "newmain.c"
 Parameters:    Size  Location     Type
		None
 Auto vars:     Size  Location     Type
		None
 Return value:  Size  Location     Type
                  1    wreg      void 
 Registers used:
		wreg, fsr2l, fsr2h, status,2, status,0
 Tracked objects:
		On entry : 
		On exit  : 
		Unchanged: 
 Data sizes:     COMRAM   BANK0   BANK1   BANK2   BANK3   BANK4   BANK5   BANK6   BANK7
      Params:         0       0       0       0       0       0       0       0       0
      Locals:         0       0       0       0       0       0       0       0       0
      Temps:          9       0       0       0       0       0       0       0       0
      Totals:         9       0       0       0       0       0       0       0       0
Total ram usage:        9 bytes
 Hardware stack levels used:    1
 Hardware stack levels required when called:    1
 This function calls:
		Nothing
 This function is called by:
		Interrupt level 1
 This function uses a non-reentrant model


 *************** function _HighPriorityISR *****************
 Defined at:
		line 123 in file "newmain.c"
 Parameters:    Size  Location     Type
		None
 Auto vars:     Size  Location     Type
		None
 Return value:  Size  Location     Type
                  1    wreg      void 
 Registers used:
		wreg, status,2, status,0
 Tracked objects:
		On entry : 
		On exit  : 
		Unchanged: 
 Data sizes:     COMRAM   BANK0   BANK1   BANK2   BANK3   BANK4   BANK5   BANK6   BANK7
      Params:         0       0       0       0       0       0       0       0       0
      Locals:         0       0       0       0       0       0       0       0       0
      Temps:          0       0       0       0       0       0       0       0       0
      Totals:         0       0       0       0       0       0       0       0       0
Total ram usage:        0 bytes
 Hardware stack levels used:    1
 This function calls:
		Nothing
 This function is called by:
		Interrupt level 2
 This function uses a non-reentrant model



MODULE INFORMATION

Module		Function		Class		Link	Load	Size
E:\MPLAB\xc8\pic\sources\c99\common\sprcdiv.c
		___fldiv       		CODE           	2A24	0000	925

E:\MPLAB\xc8\pic\sources\c99\common\sprcdiv.c estimated size: 925

E:\MPLAB\xc8\pic\sources\c99\common\awmod.c
		___awmod       		CODE           	4000	0000	177

E:\MPLAB\xc8\pic\sources\c99\common\awmod.c estimated size: 177

E:\MPLAB\xc8\pic\sources\c99\common\putch.c
		_putch         		CODE           	475A	0000	3

E:\MPLAB\xc8\pic\sources\c99\common\putch.c estimated size: 3

E:\MPLAB\xc8\pic\sources\c99\common\atoi.c
		_atoi          		CODE           	3468	0000	401

E:\MPLAB\xc8\pic\sources\c99\common\atoi.c estimated size: 401

E:\MPLAB\xc8\pic\sources\c99\common\fleq.c
		___fleq        		CODE           	40B0	0000	171

E:\MPLAB\xc8\pic\sources\c99\common\fleq.c estimated size: 171

E:\MPLAB\xc8\pic\sources\c99\common\strcat.c
		_strcat        		CODE           	46C2	0000	39

E:\MPLAB\xc8\pic\sources\c99\common\strcat.c estimated size: 39

E:\MPLAB\xc8\pic\sources\c99\common\__fpclassifyf.c
		___fpclassifyf 		CODE           	3AEE	0000	255

E:\MPLAB\xc8\pic\sources\c99\common\__fpclassifyf.c estimated size: 255

E:\MPLAB\xc8\pic\sources\c99\common\xxtofl.c
		___xxtofl      		CODE           	32B4	0000	437

E:\MPLAB\xc8\pic\sources\c99\common\xxtofl.c estimated size: 437

E:\MPLAB\xc8\pic\sources\c99\common\aodiv.c
		___aodiv       		CODE           	35F8	0000	393

E:\MPLAB\xc8\pic\sources\c99\common\aodiv.c estimated size: 393

E:\MPLAB\xc8\pic\sources\c99\common\nf_fputc.c
		_fputc         		CODE           	3DB0	0000	203

E:\MPLAB\xc8\pic\sources\c99\common\nf_fputc.c estimated size: 203

E:\MPLAB\xc8\pic\sources\c99\common\strlen.c
		_strlen        		CODE           	4660	0000	55

E:\MPLAB\xc8\pic\sources\c99\common\strlen.c estimated size: 55

E:\MPLAB\xc8\pic\sources\c99\common\floorf.c
		_floorf        		CODE           	309E	0000	535

E:\MPLAB\xc8\pic\sources\c99\common\floorf.c estimated size: 535

E:\MPLAB\xc8\pic\sources\c99\common\isdigit.c
		_isdigit       		CODE           	4628	0000	57

E:\MPLAB\xc8\pic\sources\c99\common\isdigit.c estimated size: 57

E:\MPLAB\xc8\pic\sources\c99\common\sprcadd.c
		___flsub       		CODE           	43EC	0000	71
		___fladd       		CODE           	213A	0000	1217

E:\MPLAB\xc8\pic\sources\c99\common\sprcadd.c estimated size: 1288

E:\MPLAB\xc8\pic\sources\c99\common\strcpy.c
		_strcpy        		CODE           	42EC	0000	93

E:\MPLAB\xc8\pic\sources\c99\common\strcpy.c estimated size: 93

E:\MPLAB\xc8\pic\sources\c99\common\awdiv.c
		___awdiv       		CODE           	3E7A	0000	197

E:\MPLAB\xc8\pic\sources\c99\common\awdiv.c estimated size: 197

newmain.c
		_HighPriorityISR		CODE           	0008	0000	17
		_main          		CODE           	142A	0000	2013
		_LowPriorityISR		CODE           	0018	0000	175

newmain.c estimated size: 2205

E:\MPLAB\xc8\pic\sources\c99\common\fltol.c
		___fltol       		CODE           	38E4	0000	263

E:\MPLAB\xc8\pic\sources\c99\common\fltol.c estimated size: 263

E:\MPLAB\xc8\pic\sources\c99\common\nf_sprintf.c
		_sprintf       		CODE           	4348	0000	83

E:\MPLAB\xc8\pic\sources\c99\common\nf_sprintf.c estimated size: 83

nxlcd.c
		_BusyXLCD      		CODE           	4432	0000	71
		_DelayFor18TCY 		CODE           	4742	0000	11
		_DelayXLCD     		CODE           	470E	0000	19
		_WriteCmdXLCD  		CODE           	457A	0000	63
		_OpenXLCD      		CODE           	3BEC	0000	239
		_WriteDataXLCD 		CODE           	453C	0000	63
		_SetDDRamAddr  		CODE           	44FC	0000	65
		_DelayPORXLCD  		CODE           	4732	0000	17
		_putrsXLCD     		CODE           	415A	0000	115

nxlcd.c estimated size: 663

shared
		__initialization		CODE           	428E	0000	81

shared estimated size: 81

E:\MPLAB\xc8\pic\sources\c99\common\flge.c
		___flge        		CODE           	39EA	0000	261

E:\MPLAB\xc8\pic\sources\c99\common\flge.c estimated size: 261

E:\MPLAB\xc8\pic\sources\c99\common\doprnt.c
		_vfpfcnvrt     		CODE           	1C06	0000	1333
		_efgtoa        		CODE           	0878	0000	2995
		_pad           		CODE           	3F3E	0000	195
		_dtoa          		CODE           	2DC0	0000	735
		_vfprintf      		CODE           	41CC	0000	99

E:\MPLAB\xc8\pic\sources\c99\common\doprnt.c estimated size: 5357

E:\MPLAB\xc8\pic\sources\c99\common\flneg.c
		___flneg       		CODE           	45F0	0000	57

E:\MPLAB\xc8\pic\sources\c99\common\flneg.c estimated size: 57

E:\MPLAB\xc8\pic\sources\c99\common\isupper.c
		_isupper       		CODE           	45B8	0000	57

E:\MPLAB\xc8\pic\sources\c99\common\isupper.c estimated size: 57

E:\MPLAB\xc8\pic\sources\c99\common\isspace.c
		_isspace       		CODE           	439A	0000	83

E:\MPLAB\xc8\pic\sources\c99\common\isspace.c estimated size: 83

E:\MPLAB\xc8\pic\sources\c99\common\Umul16.c
		___wmul        		CODE           	46E8	0000	39

E:\MPLAB\xc8\pic\sources\c99\common\Umul16.c estimated size: 39

E:\MPLAB\xc8\pic\sources\c99\common\nf_fputs.c
		_fputs         		CODE           	4478	0000	69

E:\MPLAB\xc8\pic\sources\c99\common\nf_fputs.c estimated size: 69

E:\MPLAB\xc8\pic\sources\c99\common\aomod.c
		___aomod       		CODE           	3780	0000	357

E:\MPLAB\xc8\pic\sources\c99\common\aomod.c estimated size: 357

E:\MPLAB\xc8\pic\sources\c99\common\abs.c
		_abs           		CODE           	44BC	0000	65

E:\MPLAB\xc8\pic\sources\c99\common\abs.c estimated size: 65

E:\MPLAB\xc8\pic\sources\c99\common\strncmp.c
		_strncmp       		CODE           	3CDA	0000	215

E:\MPLAB\xc8\pic\sources\c99\common\strncmp.c estimated size: 215

E:\MPLAB\xc8\pic\sources\c99\common\tolower.c
		_tolower       		CODE           	422E	0000	97

E:\MPLAB\xc8\pic\sources\c99\common\tolower.c estimated size: 97

E:\MPLAB\xc8\pic\sources\c99\common\sprcmul.c
		___flmul       		CODE           	25FA	0000	1067

E:\MPLAB\xc8\pic\sources\c99\common\sprcmul.c estimated size: 1067

./adc.h
		_Inicializa_ADC		CODE           	4720	0000	19
		_LerADC        		CODE           	4696	0000	45

./adc.h estimated size: 64

